		==============================================
				4. range
		==============================================
Properties
-------------------
=>'range' is one of the pre-defined class and treated as Sequence data type
=>The purpose of range data type is that "To Store Sequence of Numerical Integer Values with Equal 
    Interval of Value."
=>An object of range belongs to Immutable bcoz range object does not support Item Assignment.
=>On the object of range, we can perform Both Indexing Slicing Operations
=>The range of Values can be stored either in forward or Backward Directions.
=>range data type contains 3 syntaxes. They are
--------------------------------------------------------------------------------------------------------------------------------------------
Syntax-1:			varname=range(Value)
--------------------------------------------------------------------------------------------------------------------------------------------
=>This Syntax generates range of values from 0 to Value-1 	
Examples:
-----------------
>>> r=range(6)
>>> print(r,type(r))
range(0, 6) <class 'range'>
>>> for v in r:
...		print(v)
...
				0
				1
				2
				3
				4
				5
>>> for val in range(6):
...		print(val)
...
			0
			1
			2
			3
			4
			5
>>> for val in range(10):
...		print(val)
...
				0
				1
				2
				3
				4
				5
				6
				7
				8
				9
--------------------------------------------------------------------------------------------------------------------------------------------
Syntax-2 :  varname=range(Begin,End)
--------------------------------------------------------------------------------------------------------------------------------------------
=>This Syntax generates range of values from Begin to End-1 
Examples:
------------------
>>> r=range(10,16)
>>> print(r,type(r))
range(10, 16) <class 'range'>
>>> for val in r:
...		print(val)
...
			10
			11
			12
			13
			14
			15
>>> for val in range(10,16):
...     print(val)
...
			10
			11
			12
			13
			14
			15
>>> for val in range(10,16):
...		print(val,end=" ")   #    10 11 12 13 14 15

NOTE:  The Syntax-1 and Syntax-2 generates range of values in FORWARD DIRECTION with Default 
             Interval 1.
--------------------------------------------------------------------------------------------------------------------------------------------
Syntax-3:  varname=range(Begin,End,Step)
--------------------------------------------------------------------------------------------------------------------------------------------
=>This Syntax generates range of values from Begin to End-1 by maintaining Equal Interval value in the form Step either in Forward Direction or Backdirection.
-----------------------------------
Examples:
------------------------------------
>>> r=range(10,21,2)
>>> for val in r:
...	   print(val)
...
			10
			12
			14
			16
			18
			20
>>> for val in range(10,21,2):
...		print(val)
...
			10
			12
			14
			16
			18
			20
------------------------------------------------------------------------------------------------------------------------------------
Implementation of range data type
------------------------------------------------------------------------------------------------------------------------------------
Q1) 0  1   2    3    4   5    6    7   8   9   10--------range(11)
>>> for val in range(11):
...     print(val)
...
			0
			1
			2
			3
			4
			5
			6
			7
			8
			9
			10
------------------------------------------------------------------------------------------------------------------------------------
Q2) 10  11  12   13   14  15  16  17  18   19  20--range(10,21)
>>> for val in range(10,21):
...		print(val)
...
			10
			11
			12
			13
			14
			15
			16
			17
			18
			19
			20
------------------------------------------------------------------------------------------------------------------------------------
Q3)  1000   1001   1002  1003    1004   1005----range(1000,1006)
>>> for val in range(1000,1006):
...     print(val)
...
1000
1001
1002
1003
1004
1005
------------------------------------------------------------------------------------------------------------------------------------
Q4)  10  12   14   16   18   20-------range(10,21,2)
>>> for val in range(10,21,2):
...		print(val)
...
			10
			12
			14
			16
			18
			20
------------------------------------------------------------------------------------------------------------------------------------
Q5)  100   110   120  130   140  150 160 170  180  190  200----range(100,201,10)
>>> for v in range(100,201,10):
...		print(v)
...
			100
			110
			120
			130
			140
			150
			160
			170
			180
			190
			200
------------------------------------------------------------------------------------------------------------------------------------
Q6) 10  9  8   7  6  5   4   3   2   1-----range(10,0,-1)
>>> for v in range(10,0,-1):
...     print(v)
...
		10
		9
		8
		7
		6
		5
		4
		3
		2
		1

------------------------------------------------------------------------------------------------------------------------------------
Q7) 100 90   80  70  60  50  40  30  20  10  0------range(100,-1,-10)
>>> for hyd in range(100,-1,-10):
...     print(hyd)
...
			100
			90
			80
			70
			60
			50
			40
			30
			20
			10
			0
------------------------------------------------------------------------------------------------------------------------------------
Q8)  -10  -11  -12   -13   -14   -15-------- range(-10,-16,-1)
>>> for val in range(-10,-16,-1):
...		print(val)
...
			-10
			-11
			-12
			-13
			-14
			-15
------------------------------------------------------------------------------------------------------------------------------------
Q9) -100  -90  -80  -70  -60  -50  -40  -30  -20  -10 ----range(-100,-9,10)
>>> for val in range(-100,-9,10):
...		print(val)
...
			-100
			-90
			-80
			-70
			-60
			-50
			-40
			-30
			-20
			-10
------------------------------------------------------------------------------------------------------------------------------------
10) -5  -4  -3   -2  -1  0   1   2   3  4   5 -----range(-5,6,1)  OR range(-5,6)
>>> for val in range(-5,6,1):
...     print(val)
...
-5
-4
-3
-2
-1
0
1
2
3
4
5
>>> for val in range(-5,6):
...		print(val)
...
		-5
		-4
		-3
		-2
		-1
		0
		1
		2
		3
		4
		5
------------------------------------------------------------------------------------------------------------------------------------
>>> for val in range(-1000,-1201,-50):
...     print(val)
...
			-1000
			-1050
			-1100
			-1150
			-1200
>>> r=range(-1000,-1201,-50)
>>> r[0]-------------------------1000
>>> r[-1]-------------------------1200
>>> for val in r[0:2]:
...		print(val)
...
		-1000
		-1050
>>> r[0]=2000----TypeError: 'range' object does not support item assignment
-----------------
>>> for val in range(10,21,2)[::-1]:
...     print(val)
...
		20
		18
		16
		14
		12
		10
==============================================================














